Login exitoso!
Producto 'Sauce Labs Backpack' encontrado. Test PASADO.
